Microchip MPLAB XC8 Compiler V1.01 ()

Linker command line:

--edf=/opt/microchip/xc8/v1.01/dat/en_msgs.txt -cs \
  -h+dist/default/production/Thor.X.production.sym -z -Q18F4550 -ol.obj \
  -Mdist/default/production/Thor.X.production.map -E1 -ver=XC8 \
  -ACODE=00h-07FFFh -ACONST=00h-07FFFh -ASMALLCONST=0800h-08FFhx120 \
  -AMEDIUMCONST=0800h-07FFFh -ACOMRAM=01h-05Fh -AABS1=00h-07FFh \
  -ABIGRAM=01h-07FFh -ARAM=060h-0FFh,0100h-01FFhx7 -ABANK0=060h-0FFh \
  -ABANK1=0100h-01FFh -ABANK2=0200h-02FFh -ABANK3=0300h-03FFh \
  -ABANK4=0400h-04FFh -ABANK5=0500h-05FFh -ABANK6=0600h-06FFh \
  -ABANK7=0700h-07FFh -ASFR=0F60h-0FFFh \
  -preset_vec=00h,intcode,intcodelo,powerup,init,end_init -pramtop=0800h \
  -psmallconst=SMALLCONST -pmediumconst=MEDIUMCONST -pconst=CONST \
  -AFARRAM=00h-00h -ACONFIG=0300000h-030000Dh -pconfig=CONFIG \
  -AIDLOC=0200000h-0200007h -pidloc=IDLOC -AEEDATA=0F00000h-0F000FFh \
  -peeprom_data=EEDATA \
  -prdata=COMRAM,nvrram=COMRAM,nvbit=COMRAM,rbss=COMRAM,rbit=COMRAM \
  -pfarbss=FARRAM,fardata=FARRAM \
  -pintsave_regs=BIGRAM,bigbss=BIGRAM,bigdata=BIGRAM -pbss=RAM \
  -pidata=CODE,irdata=CODE,ibigdata=CODE,ifardata=CODE /tmp/cgtfsCiN1.obj \
  dist/default/production/Thor.X.production.obj 

Object code version is 3.10

Machine type is 18F4550

Call graph: (short form)




                Name                               Link     Load   Length Selector   Space Scale
/tmp/cgtfsCiN1.obj
                end_init                              0        0        4        0       0
                idloc                            200000   200000        8   200000       0
                config                           300000   300000        E   300000       0
dist/default/production/Thor.X.production.obj
                text10                             79E6     79E6        C     3CF3       0
                text9                              79DE     79DE        8     3CEF       0
                text8                              7A00     7A00       10     3D00       0
                text7                              7AE8     7AE8       4C     3D74       0
                text6                              7B34     7B34       60     3D9A       0
                text5                              7A10     7A10       18     3D08       0
                text4                              7B94     7B94       64     3DCA       0
                text3                              7DF2     7DF2      20E     3EF9       0
                text2                              7AA0     7AA0       48     3D50       0
                text1                              7A5A     7A5A       46     3D2D       0
                text0                              7BF8     7BF8      1FA     3DFC       0
                cstackCOMRAM                          1        1       17        1       1
                dataCOMRAM                           18       18        D        1       1
                bssCOMRAM                            25       25        8        1       1
                cinit                              7A28     7A28       32     3D14       0
                idataCOMRAM                        79F3     79F3        D     79F3       0

TOTAL           Name                               Link     Load   Length     Space
        CLASS   CODE           
                end_init                              0        0        4         0
                text10                             79E6     79E6        C         0
                text9                              79DE     79DE        8         0
                text8                              7A00     7A00       10         0
                text7                              7AE8     7AE8       4C         0
                text6                              7B34     7B34       60         0
                text5                              7A10     7A10       18         0
                text4                              7B94     7B94       64         0
                text3                              7DF2     7DF2      20E         0
                text2                              7AA0     7AA0       48         0
                text1                              7A5A     7A5A       46         0
                text0                              7BF8     7BF8      1FA         0
                cinit                              7A28     7A28       32         0
                idataCOMRAM                        79F3     79F3        D         0

        CLASS   CONST          

        CLASS   SMALLCONST     

        CLASS   MEDIUMCONST    

        CLASS   COMRAM         
                cstackCOMRAM                          1        1       17         1
                dataCOMRAM                           18       18        D         1
                bssCOMRAM                            25       25        8         1

        CLASS   ABS1           

        CLASS   BIGRAM         

        CLASS   RAM            

        CLASS   BANK0          

        CLASS   BANK1          

        CLASS   BANK2          

        CLASS   BANK3          

        CLASS   BANK4          

        CLASS   BANK5          

        CLASS   BANK6          

        CLASS   BANK7          

        CLASS   SFR            

        CLASS   FARRAM         

        CLASS   CONFIG         
                config                           300000   300000        E         0

        CLASS   IDLOC          
                idloc                            200000   200000        8         0

        CLASS   EEDATA         



SEGMENTS        Name                           Load    Length   Top    Selector   Space  Class

                reset_vec                      000000  000004  000004         0       0  CODE    
                cstackCOMRAM                   000001  00002C  00002D         1       1  COMRAM  
                text9                          0079DE  000008  0079E6      3CEF       0  CODE    
                text10                         0079E6  00000C  0079F2      3CF3       0  CODE    
                idataCOMRAM                    0079F3  00000D  007A00      79F3       0  CODE    
                text8                          007A00  000010  007A10      3D00       0  CODE    
                text5                          007A10  000018  007A28      3D08       0  CODE    
                cinit                          007A28  000032  007A5A      3D14       0  CODE    
                text1                          007A5A  000046  007AA0      3D2D       0  CODE    
                text2                          007AA0  000048  007AE8      3D50       0  CODE    
                text7                          007AE8  00004C  007B34      3D74       0  CODE    
                text6                          007B34  000060  007B94      3D9A       0  CODE    
                text4                          007B94  000064  007BF8      3DCA       0  CODE    
                text0                          007BF8  0001FA  007DF2      3DFC       0  CODE    
                text3                          007DF2  00020E  008000      3EF9       0  CODE    
                idloc                          200000  000008  200008    200000       0  IDLOC   
                config                         300000  00000E  30000E    300000       0  CONFIG  


UNUSED ADDRESS RANGES

        Name                Unused          Largest block    Delta
        BANK0            000060-0000FF               A0
        BANK1            000100-0001FF              100
        BANK2            000200-0002FF              100
        BANK3            000300-0003FF              100
        BANK4            000400-0004FF              100
        BANK5            000500-0005FF              100
        BANK6            000600-0006FF              100
        BANK7            000700-0007FF              100
        BIGRAM           00002D-0007FF              7D3
        CODE             000004-0079DD             79DA
                         0079F2-0079F2                1
        COMRAM           00002D-00005F               33
        CONST            000004-0079DD             79DA
                         0079F2-0079F2                1
        EEDATA           F00000-F000FF              100
        MEDIUMCONST      000800-0079DD             71DE
                         0079F2-0079F2                1
        RAM              000060-0007FF              100
        SFR              000F60-000FFF               A0
        SMALLCONST       000800-0079DD              100
                         0079F2-0079F2                1

                                  Symbol Table

?_Delay10KTCYx              cstackCOMRAM 000001
?_Delay10TCYx               cstackCOMRAM 000001
?_OpenADC                   cstackCOMRAM 000001
?_ReadADC                   cstackCOMRAM 000001
?_read_a2d                  cstackCOMRAM 000003
?_sumo_move                 cstackCOMRAM 000001
Delay10KTCYx@unit           cstackCOMRAM 000001
Delay10TCYx@unit            cstackCOMRAM 000001
OpenADC@config              cstackCOMRAM 000001
OpenADC@config2             cstackCOMRAM 000002
OpenADC@portconfig          cstackCOMRAM 000003
_ABDEN                      (abs)        007DC0
_ABDOVF                     (abs)        007DC7
_ACKDT                      (abs)        007E2D
_ACKEN                      (abs)        007E2C
_ACKSTAT                    (abs)        007E2E
_ACQT0                      (abs)        007E03
_ACQT1                      (abs)        007E04
_ACQT2                      (abs)        007E05
_ACTVIE                     (abs)        007B4A
_ACTVIF                     (abs)        007B42
_ADCON0                     (abs)        000FC2
_ADCON0bits                 (abs)        000FC2
_ADCON1                     (abs)        000FC1
_ADCON1bits                 (abs)        000FC1
_ADCON2                     (abs)        000FC0
_ADCON2bits                 (abs)        000FC0
_ADCS0                      (abs)        007E00
_ADCS1                      (abs)        007E01
_ADCS2                      (abs)        007E02
_ADDEN                      (abs)        007D5B
_ADDR0                      (abs)        007B20
_ADDR1                      (abs)        007B21
_ADDR2                      (abs)        007B22
_ADDR3                      (abs)        007B23
_ADDR4                      (abs)        007B74
_ADDR5                      (abs)        007B75
_ADDR6                      (abs)        007B76
_ADEN                       (abs)        007D5B
_ADFM                       (abs)        007E07
_ADIE                       (abs)        007CEE
_ADIF                       (abs)        007CF6
_ADIP                       (abs)        007CFE
_ADON                       (abs)        007E10
_ADRES                      (abs)        000FC3
_ADRESH                     (abs)        000FC4
_ADRESL                     (abs)        000FC3
_AN0                        (abs)        007C00
_AN1                        (abs)        007C01
_AN2                        (abs)        007C02
_AN3                        (abs)        007C03
_AN4                        (abs)        007C05
_BAUDCON                    (abs)        000FB8
_BAUDCONbits                (abs)        000FB8
_BAUDCTL                    (abs)        000FB8
_BAUDCTLbits                (abs)        000FB8
_BCLIE                      (abs)        007D03
_BCLIF                      (abs)        007D0B
_BCLIP                      (abs)        007D13
_BF                         (abs)        007E38
_BGST                       (abs)        007E95
_BOR                        (abs)        007E80
_BRG16                      (abs)        007DC3
_BRGH                       (abs)        007D62
_BRGH1                      (abs)        007D62
_BSR                        (abs)        000FE0
_BTOEE                      (abs)        007B5C
_BTOEF                      (abs)        007B54
_BTSEE                      (abs)        007B5F
_BTSEF                      (abs)        007B57
_BUSY                       (abs)        007B24
_BusyADC                    text9        0079DE
_C1INV                      (abs)        007DA4
_C1OUT                      (abs)        007DA6
_C2INV                      (abs)        007DA5
_C2OUT                      (abs)        007DA7
_CARRY                      (abs)        007EC0
_CCP1                       (abs)        007C12
_CCP10                      (abs)        007C22
_CCP1AS                     (abs)        000FB6
_CCP1ASbits                 (abs)        000FB6
_CCP1CON                    (abs)        000FBD
_CCP1CONbits                (abs)        000FBD
_CCP1DEL                    (abs)        000FB7
_CCP1DELbits                (abs)        000FB7
_CCP1IE                     (abs)        007CEA
_CCP1IF                     (abs)        007CF2
_CCP1IP                     (abs)        007CFA
_CCP1M0                     (abs)        007DE8
_CCP1M1                     (abs)        007DE9
_CCP1M2                     (abs)        007DEA
_CCP1M3                     (abs)        007DEB
_CCP2                       (abs)        007C11
_CCP2CON                    (abs)        000FBA
_CCP2CONbits                (abs)        000FBA
_CCP2E                      (abs)        007C27
_CCP2IE                     (abs)        007D00
_CCP2IF                     (abs)        007D08
_CCP2IP                     (abs)        007D10
_CCP2M0                     (abs)        007DD0
_CCP2M1                     (abs)        007DD1
_CCP2M2                     (abs)        007DD2
_CCP2M3                     (abs)        007DD3
_CCP2_PA2                   (abs)        007C0B
_CCP6E                      (abs)        007C26
_CCP7E                      (abs)        007C25
_CCP8E                      (abs)        007C24
_CCP9E                      (abs)        007C23
_CCPR1                      (abs)        000FBE
_CCPR1H                     (abs)        000FBF
_CCPR1L                     (abs)        000FBE
_CCPR2                      (abs)        000FBB
_CCPR2H                     (abs)        000FBC
_CCPR2L                     (abs)        000FBB
_CFGS                       (abs)        007D36
_CHS0                       (abs)        007E12
_CHS1                       (abs)        007E13
_CHS2                       (abs)        007E14
_CHS3                       (abs)        007E15
_CHSN3                      (abs)        007E0B
_CIS                        (abs)        007DA3
_CK                         (abs)        007C16
_CK1SPP                     (abs)        007C20
_CK2SPP                     (abs)        007C21
_CKE                        (abs)        007E3E
_CKP                        (abs)        007E34
_CLK1EN                     (abs)        007B1C
_CLKCFG0                    (abs)        007B1E
_CLKCFG1                    (abs)        007B1F
_CM0                        (abs)        007DA0
_CM1                        (abs)        007DA1
_CM2                        (abs)        007DA2
_CMCON                      (abs)        000FB4
_CMCONbits                  (abs)        000FB4
_CMEN0                      (abs)        007DA0
_CMEN1                      (abs)        007DA1
_CMEN2                      (abs)        007DA2
_CMIE                       (abs)        007D06
_CMIF                       (abs)        007D0E
_CMIP                       (abs)        007D16
_CRC16EE                    (abs)        007B5A
_CRC16EF                    (abs)        007B52
_CRC5EE                     (abs)        007B59
_CRC5EF                     (abs)        007B51
_CREN                       (abs)        007D5C
_CS                         (abs)        007C22
_CSEN                       (abs)        007B1D
_CSRC                       (abs)        007D67
_CSRC1                      (abs)        007D67
_CVR0                       (abs)        007DA8
_CVR1                       (abs)        007DA9
_CVR2                       (abs)        007DAA
_CVR3                       (abs)        007DAB
_CVRCON                     (abs)        000FB5
_CVRCONbits                 (abs)        000FB5
_CVREF                      (abs)        007DAC
_CVREN                      (abs)        007DAF
_CVROE                      (abs)        007DAE
_CVROEN                     (abs)        007DAE
_CVRR                       (abs)        007DAD
_CVRSS                      (abs)        007DAC
_CapStatus                  bssCOMRAM    00002B
_DA                         (abs)        007E3D
_DATA_ADDRESS               (abs)        007E3D
_DC                         (abs)        007EC1
_DC1B0                      (abs)        007DEC
_DC1B1                      (abs)        007DED
_DC2B0                      (abs)        007DD4
_DC2B1                      (abs)        007DD5
_DDRA                       (abs)        000F92
_DDRAbits                   (abs)        000F92
_DDRB                       (abs)        000F93
_DDRBbits                   (abs)        000F93
_DDRC                       (abs)        000F94
_DDRCbits                   (abs)        000F94
_DDRD                       (abs)        000F95
_DDRDbits                   (abs)        000F95
_DDRE                       (abs)        000F96
_DDREbits                   (abs)        000F96
_DFN8EE                     (abs)        007B5B
_DFN8EF                     (abs)        007B53
_DIR                        (abs)        007B62
_DONE                       (abs)        007E11
_DT                         (abs)        007C17
_D_A                        (abs)        007E3D
_D_NOT_A                    (abs)        007E3D
_D_nA                       (abs)        007E3D
_Delay10KTCYx               text5        007A10
_Delay10TCYx                text8        007A00
_ECCP1AS                    (abs)        000FB6
_ECCP1ASbits                (abs)        000FB6
_ECCP1CON                   (abs)        000FBD
_ECCP1CONbits               (abs)        000FBD
_ECCP1DEL                   (abs)        000FB7
_ECCP1DELbits               (abs)        000FB7
_ECCPAS0                    (abs)        007DB4
_ECCPAS1                    (abs)        007DB5
_ECCPAS2                    (abs)        007DB6
_ECCPASE                    (abs)        007DB7
_EEADR                      (abs)        000FA9
_EECON1                     (abs)        000FA6
_EECON1bits                 (abs)        000FA6
_EECON2                     (abs)        000FA7
_EEDATA                     (abs)        000FA8
_EEFS                       (abs)        007D36
_EEIE                       (abs)        007D04
_EEIF                       (abs)        007D0C
_EEIP                       (abs)        007D14
_EEPGD                      (abs)        007D37
_ENDP0                      (abs)        007B63
_ENDP1                      (abs)        007B64
_ENDP2                      (abs)        007B65
_ENDP3                      (abs)        007B66
_EP0CONDIS                  (abs)        007B83
_EP0HSHK                    (abs)        007B84
_EP0INEN                    (abs)        007B81
_EP0OUTEN                   (abs)        007B82
_EP0STALL                   (abs)        007B80
_EP1CONDIS                  (abs)        007B8B
_EP1HSHK                    (abs)        007B8C
_EP1INEN                    (abs)        007B89
_EP1OUTEN                   (abs)        007B8A
_EP1STALL                   (abs)        007B88
_EP2CONDIS                  (abs)        007B93
_EP2HSHK                    (abs)        007B94
_EP2INEN                    (abs)        007B91
_EP2OUTEN                   (abs)        007B92
_EP2STALL                   (abs)        007B90
_EP3CONDIS                  (abs)        007B9B
_EP3HSHK                    (abs)        007B9C
_EP3INEN                    (abs)        007B99
_EP3OUTEN                   (abs)        007B9A
_EP3STALL                   (abs)        007B98
_EP4CONDIS                  (abs)        007BA3
_EP4HSHK                    (abs)        007BA4
_EP4INEN                    (abs)        007BA1
_EP4OUTEN                   (abs)        007BA2
_EP4STALL                   (abs)        007BA0
_EP5CONDIS                  (abs)        007BAB
_EP5HSHK                    (abs)        007BAC
_EP5INEN                    (abs)        007BA9
_EP5OUTEN                   (abs)        007BAA
_EP5STALL                   (abs)        007BA8
_EP6CONDIS                  (abs)        007BB3
_EP6HSHK                    (abs)        007BB4
_EP6INEN                    (abs)        007BB1
_EP6OUTEN                   (abs)        007BB2
_EP6STALL                   (abs)        007BB0
_EP7CONDIS                  (abs)        007BBB
_EP7HSHK                    (abs)        007BBC
_EP7INEN                    (abs)        007BB9
_EP7OUTEN                   (abs)        007BBA
_EP7STALL                   (abs)        007BB8
_EPCONDIS0                  (abs)        007B83
_EPCONDIS1                  (abs)        007B8B
_EPCONDIS10                 (abs)        007BD3
_EPCONDIS11                 (abs)        007BDB
_EPCONDIS12                 (abs)        007BE3
_EPCONDIS13                 (abs)        007BEB
_EPCONDIS14                 (abs)        007BF3
_EPCONDIS15                 (abs)        007BFB
_EPCONDIS2                  (abs)        007B93
_EPCONDIS3                  (abs)        007B9B
_EPCONDIS4                  (abs)        007BA3
_EPCONDIS5                  (abs)        007BAB
_EPCONDIS6                  (abs)        007BB3
_EPCONDIS7                  (abs)        007BBB
_EPCONDIS8                  (abs)        007BC3
_EPCONDIS9                  (abs)        007BCB
_EPHSHK0                    (abs)        007B84
_EPHSHK1                    (abs)        007B8C
_EPHSHK10                   (abs)        007BD4
_EPHSHK11                   (abs)        007BDC
_EPHSHK12                   (abs)        007BE4
_EPHSHK13                   (abs)        007BEC
_EPHSHK14                   (abs)        007BF4
_EPHSHK15                   (abs)        007BFC
_EPHSHK2                    (abs)        007B94
_EPHSHK3                    (abs)        007B9C
_EPHSHK4                    (abs)        007BA4
_EPHSHK5                    (abs)        007BAC
_EPHSHK6                    (abs)        007BB4
_EPHSHK7                    (abs)        007BBC
_EPHSHK8                    (abs)        007BC4
_EPHSHK9                    (abs)        007BCC
_EPINEN0                    (abs)        007B81
_EPINEN1                    (abs)        007B89
_EPINEN10                   (abs)        007BD1
_EPINEN11                   (abs)        007BD9
_EPINEN12                   (abs)        007BE1
_EPINEN13                   (abs)        007BE9
_EPINEN14                   (abs)        007BF1
_EPINEN15                   (abs)        007BF9
_EPINEN2                    (abs)        007B91
_EPINEN3                    (abs)        007B99
_EPINEN4                    (abs)        007BA1
_EPINEN5                    (abs)        007BA9
_EPINEN6                    (abs)        007BB1
_EPINEN7                    (abs)        007BB9
_EPINEN8                    (abs)        007BC1
_EPINEN9                    (abs)        007BC9
_EPOUTEN0                   (abs)        007B82
_EPOUTEN1                   (abs)        007B8A
_EPOUTEN10                  (abs)        007BD2
_EPOUTEN11                  (abs)        007BDA
_EPOUTEN12                  (abs)        007BE2
_EPOUTEN13                  (abs)        007BEA
_EPOUTEN14                  (abs)        007BF2
_EPOUTEN15                  (abs)        007BFA
_EPOUTEN2                   (abs)        007B92
_EPOUTEN3                   (abs)        007B9A
_EPOUTEN4                   (abs)        007BA2
_EPOUTEN5                   (abs)        007BAA
_EPOUTEN6                   (abs)        007BB2
_EPOUTEN7                   (abs)        007BBA
_EPOUTEN8                   (abs)        007BC2
_EPOUTEN9                   (abs)        007BCA
_EPSTALL0                   (abs)        007B80
_EPSTALL1                   (abs)        007B88
_EPSTALL10                  (abs)        007BD0
_EPSTALL11                  (abs)        007BD8
_EPSTALL12                  (abs)        007BE0
_EPSTALL13                  (abs)        007BE8
_EPSTALL14                  (abs)        007BF0
_EPSTALL15                  (abs)        007BF8
_EPSTALL2                   (abs)        007B90
_EPSTALL3                   (abs)        007B98
_EPSTALL4                   (abs)        007BA0
_EPSTALL5                   (abs)        007BA8
_EPSTALL6                   (abs)        007BB0
_EPSTALL7                   (abs)        007BB8
_EPSTALL8                   (abs)        007BC0
_EPSTALL9                   (abs)        007BC8
_FERR                       (abs)        007D5A
_FLTS                       (abs)        007E9A
_FREE                       (abs)        007D34
_FRM0                       (abs)        007B30
_FRM1                       (abs)        007B31
_FRM10                      (abs)        007B3A
_FRM2                       (abs)        007B32
_FRM3                       (abs)        007B33
_FRM4                       (abs)        007B34
_FRM5                       (abs)        007B35
_FRM6                       (abs)        007B36
_FRM7                       (abs)        007B37
_FRM8                       (abs)        007B38
_FRM9                       (abs)        007B39
_FSEN                       (abs)        007B7A
_FSR0                       (abs)        000FE9
_FSR0H                      (abs)        000FEA
_FSR0L                      (abs)        000FE9
_FSR1                       (abs)        000FE1
_FSR1H                      (abs)        000FE2
_FSR1L                      (abs)        000FE1
_FSR2                       (abs)        000FD9
_FSR2H                      (abs)        000FDA
_FSR2L                      (abs)        000FD9
_GCEN                       (abs)        007E2F
_GIE                        (abs)        007F97
_GIEH                       (abs)        007F97
_GIEL                       (abs)        007F96
_GIE_GIEH                   (abs)        007F97
_GO                         (abs)        007E11
_GODONE                     (abs)        007E11
_GO_DONE                    (abs)        007E11
_GO_NOT_DONE                (abs)        007E11
_GO_nDONE                   (abs)        007E11
_HLVDCON                    (abs)        000FD2
_HLVDCONbits                (abs)        000FD2
_HLVDEN                     (abs)        007E94
_HLVDIE                     (abs)        007D02
_HLVDIF                     (abs)        007D0A
_HLVDIN                     (abs)        007C05
_HLVDIP                     (abs)        007D12
_HLVDL0                     (abs)        007E90
_HLVDL1                     (abs)        007E91
_HLVDL2                     (abs)        007E92
_HLVDL3                     (abs)        007E93
_I2C_DAT                    (abs)        007E3D
_I2C_READ                   (abs)        007E3A
_I2C_START                  (abs)        007E3B
_I2C_STOP                   (abs)        007E3C
_IDLEIE                     (abs)        007B4C
_IDLEIF                     (abs)        007B44
_IDLEN                      (abs)        007E9F
_INDF0                      (abs)        000FEF
_INDF1                      (abs)        000FE7
_INDF2                      (abs)        000FDF
_INT0                       (abs)        007C08
_INT0E                      (abs)        007F94
_INT0F                      (abs)        007F91
_INT0IE                     (abs)        007F94
_INT0IF                     (abs)        007F91
_INT1                       (abs)        007C09
_INT1E                      (abs)        007F83
_INT1F                      (abs)        007F80
_INT1IE                     (abs)        007F83
_INT1IF                     (abs)        007F80
_INT1IP                     (abs)        007F86
_INT1P                      (abs)        007F86
_INT2                       (abs)        007C0A
_INT2E                      (abs)        007F84
_INT2F                      (abs)        007F81
_INT2IE                     (abs)        007F84
_INT2IF                     (abs)        007F81
_INT2IP                     (abs)        007F87
_INT2P                      (abs)        007F87
_INTCON                     (abs)        000FF2
_INTCON2                    (abs)        000FF1
_INTCON2bits                (abs)        000FF1
_INTCON3                    (abs)        000FF0
_INTCON3bits                (abs)        000FF0
_INTCONbits                 (abs)        000FF2
_INTEDG0                    (abs)        007F8E
_INTEDG1                    (abs)        007F8D
_INTEDG2                    (abs)        007F8C
_INTSRC                     (abs)        007CDF
_IOFS                       (abs)        007E9A
_IPEN                       (abs)        007E87
_IPR1                       (abs)        000F9F
_IPR1bits                   (abs)        000F9F
_IPR2                       (abs)        000FA2
_IPR2bits                   (abs)        000FA2
_IRCF0                      (abs)        007E9C
_IRCF1                      (abs)        007E9D
_IRCF2                      (abs)        007E9E
_IRVST                      (abs)        007E95
_IVRST                      (abs)        007E95
_LA0                        (abs)        007C48
_LA1                        (abs)        007C49
_LA2                        (abs)        007C4A
_LA3                        (abs)        007C4B
_LA4                        (abs)        007C4C
_LA5                        (abs)        007C4D
_LA6                        (abs)        007C4E
_LA7                        (abs)        007C4F
_LATA                       (abs)        000F89
_LATA0                      (abs)        007C48
_LATA1                      (abs)        007C49
_LATA2                      (abs)        007C4A
_LATA3                      (abs)        007C4B
_LATA4                      (abs)        007C4C
_LATA5                      (abs)        007C4D
_LATA6                      (abs)        007C4E
_LATA7                      (abs)        007C4F
_LATAbits                   (abs)        000F89
_LATB                       (abs)        000F8A
_LATB0                      (abs)        007C50
_LATB1                      (abs)        007C51
_LATB2                      (abs)        007C52
_LATB3                      (abs)        007C53
_LATB4                      (abs)        007C54
_LATB5                      (abs)        007C55
_LATB6                      (abs)        007C56
_LATB7                      (abs)        007C57
_LATBbits                   (abs)        000F8A
_LATC                       (abs)        000F8B
_LATC0                      (abs)        007C58
_LATC1                      (abs)        007C59
_LATC2                      (abs)        007C5A
_LATC6                      (abs)        007C5E
_LATC7                      (abs)        007C5F
_LATCbits                   (abs)        000F8B
_LATD                       (abs)        000F8C
_LATD0                      (abs)        007C60
_LATD1                      (abs)        007C61
_LATD2                      (abs)        007C62
_LATD3                      (abs)        007C63
_LATD4                      (abs)        007C64
_LATD5                      (abs)        007C65
_LATD6                      (abs)        007C66
_LATD7                      (abs)        007C67
_LATDbits                   (abs)        000F8C
_LATE                       (abs)        000F8D
_LATE0                      (abs)        007C68
_LATE1                      (abs)        007C69
_LATE2                      (abs)        007C6A
_LATEbits                   (abs)        000F8D
_LB0                        (abs)        007C50
_LB1                        (abs)        007C51
_LB2                        (abs)        007C52
_LB3                        (abs)        007C53
_LB4                        (abs)        007C54
_LB5                        (abs)        007C55
_LB6                        (abs)        007C56
_LB7                        (abs)        007C57
_LC0                        (abs)        007C58
_LC1                        (abs)        007C59
_LC2                        (abs)        007C5A
_LC3                        (abs)        007C5B
_LC4                        (abs)        007C5C
_LC5                        (abs)        007C5D
_LC6                        (abs)        007C5E
_LC7                        (abs)        007C5F
_LD0                        (abs)        007C60
_LD1                        (abs)        007C61
_LD2                        (abs)        007C62
_LD3                        (abs)        007C63
_LD4                        (abs)        007C64
_LD5                        (abs)        007C65
_LD6                        (abs)        007C66
_LD7                        (abs)        007C67
_LE0                        (abs)        007C68
_LE1                        (abs)        007C69
_LE2                        (abs)        007C6A
_LE3                        (abs)        007C6B
_LE4                        (abs)        007C6C
_LE5                        (abs)        007C6D
_LE6                        (abs)        007C6E
_LE7                        (abs)        007C6F
_LVDCON                     (abs)        000FD2
_LVDCONbits                 (abs)        000FD2
_LVDEN                      (abs)        007E94
_LVDIE                      (abs)        007D02
_LVDIF                      (abs)        007D0A
_LVDIN                      (abs)        007C05
_LVDIP                      (abs)        007D12
_LVDL0                      (abs)        007E90
_LVDL1                      (abs)        007E91
_LVDL2                      (abs)        007E92
_LVDL3                      (abs)        007E93
_LVV0                       (abs)        007E90
_LVV1                       (abs)        007E91
_LVV2                       (abs)        007E92
_LVV3                       (abs)        007E93
_MEMCON                     (abs)        000FCB
_NEGATIVE                   (abs)        007EC4
_NOT_A                      (abs)        007E3D
_NOT_ADDRESS                (abs)        007E3D
_NOT_BOR                    (abs)        007E80
_NOT_DONE                   (abs)        007E11
_NOT_IPEN                   (abs)        007E87
_NOT_PD                     (abs)        007E82
_NOT_POR                    (abs)        007E81
_NOT_RBPU                   (abs)        007F8F
_NOT_RI                     (abs)        007E84
_NOT_T1SYNC                 (abs)        007E6A
_NOT_T3SYNC                 (abs)        007D8A
_NOT_TO                     (abs)        007E83
_NOT_W                      (abs)        007E3A
_NOT_WRITE                  (abs)        007E3A
_OERR                       (abs)        007D59
_OESPP                      (abs)        007C22
_OSC2                       (abs)        007C06
_OSCCON                     (abs)        000FD3
_OSCCONbits                 (abs)        000FD3
_OSCFIE                     (abs)        007D07
_OSCFIF                     (abs)        007D0F
_OSCFIP                     (abs)        007D17
_OSCTUNE                    (abs)        000F9B
_OSCTUNEbits                (abs)        000F9B
_OSTS                       (abs)        007E9B
_OV                         (abs)        007EC3
_OVERFLOW                   (abs)        007EC3
_OpenADC                    text6        007B34
_P1A                        (abs)        007C12
_P1M0                       (abs)        007DEE
_P1M1                       (abs)        007DEF
_PA1                        (abs)        007C12
_PA2                        (abs)        007C11
_PA2E                       (abs)        007C27
_PB1E                       (abs)        007C26
_PB2                        (abs)        007C22
_PB3E                       (abs)        007C24
_PC                         (abs)        000FF9
_PC1E                       (abs)        007C25
_PC2                        (abs)        007C21
_PC3E                       (abs)        007C23
_PCFG0                      (abs)        007E08
_PCFG1                      (abs)        007E09
_PCFG2                      (abs)        007E0A
_PCFG3                      (abs)        007E0B
_PCL                        (abs)        000FF9
_PCLAT                      (abs)        000FF9
_PCLATH                     (abs)        000FFA
_PCLATU                     (abs)        000FFB
_PD                         (abs)        007E82
_PD2                        (abs)        007C20
_PDC0                       (abs)        007DB8
_PDC1                       (abs)        007DB9
_PDC2                       (abs)        007DBA
_PDC3                       (abs)        007DBB
_PDC4                       (abs)        007DBC
_PDC5                       (abs)        007DBD
_PDC6                       (abs)        007DBE
_PEIE                       (abs)        007F96
_PEIE_GIEL                  (abs)        007F96
_PEN                        (abs)        007E2A
_PGC                        (abs)        007C0E
_PGD                        (abs)        007C0F
_PGM                        (abs)        007C0D
_PIDEE                      (abs)        007B58
_PIDEF                      (abs)        007B50
_PIE1                       (abs)        000F9D
_PIE1bits                   (abs)        000F9D
_PIE2                       (abs)        000FA0
_PIE2bits                   (abs)        000FA0
_PIR1                       (abs)        000F9E
_PIR1bits                   (abs)        000F9E
_PIR2                       (abs)        000FA1
_PIR2bits                   (abs)        000FA1
_PKTDIS                     (abs)        007B6C
_PLUSW0                     (abs)        000FEB
_PLUSW1                     (abs)        000FE3
_PLUSW2                     (abs)        000FDB
_POR                        (abs)        007E81
_PORTA                      (abs)        000F80
_PORTAbits                  (abs)        000F80
_PORTB                      (abs)        000F81
_PORTBbits                  (abs)        000F81
_PORTC                      (abs)        000F82
_PORTCbits                  (abs)        000F82
_PORTD                      (abs)        000F83
_PORTDbits                  (abs)        000F83
_PORTE                      (abs)        000F84
_PORTEbits                  (abs)        000F84
_POSTDEC0                   (abs)        000FED
_POSTDEC1                   (abs)        000FE5
_POSTDEC2                   (abs)        000FDD
_POSTINC0                   (abs)        000FEE
_POSTINC1                   (abs)        000FE6
_POSTINC2                   (abs)        000FDE
_PPB0                       (abs)        007B78
_PPB1                       (abs)        007B79
_PPBI                       (abs)        007B61
_PPBRST                     (abs)        007B6E
_PR2                        (abs)        000FCB
_PREINC0                    (abs)        000FEC
_PREINC1                    (abs)        000FE4
_PREINC2                    (abs)        000FDC
_PROD                       (abs)        000FF3
_PRODH                      (abs)        000FF4
_PRODL                      (abs)        000FF3
_PRSEN                      (abs)        007DBF
_PSA                        (abs)        007EAB
_PSPIE                      (abs)        007CEF
_PSPIF                      (abs)        007CF7
_PSPIP                      (abs)        007CFF
_PSSAC0                     (abs)        007DB2
_PSSAC1                     (abs)        007DB3
_PSSBD0                     (abs)        007DB0
_PSSBD1                     (abs)        007DB1
_RA0                        (abs)        007C00
_RA1                        (abs)        007C01
_RA2                        (abs)        007C02
_RA3                        (abs)        007C03
_RA4                        (abs)        007C04
_RA5                        (abs)        007C05
_RA6                        (abs)        007C06
_RA7                        (abs)        007C07
_RB0                        (abs)        007C08
_RB1                        (abs)        007C09
_RB2                        (abs)        007C0A
_RB3                        (abs)        007C0B
_RB4                        (abs)        007C0C
_RB5                        (abs)        007C0D
_RB6                        (abs)        007C0E
_RB7                        (abs)        007C0F
_RBIE                       (abs)        007F93
_RBIF                       (abs)        007F90
_RBIP                       (abs)        007F88
_RBPU                       (abs)        007F8F
_RC0                        (abs)        007C10
_RC1                        (abs)        007C11
_RC1IE                      (abs)        007CED
_RC1IF                      (abs)        007CF5
_RC1IP                      (abs)        007CFD
_RC2                        (abs)        007C12
_RC3                        (abs)        007C13
_RC4                        (abs)        007C14
_RC5                        (abs)        007C15
_RC6                        (abs)        007C16
_RC7                        (abs)        007C17
_RCEN                       (abs)        007E2B
_RCIDL                      (abs)        007DC6
_RCIE                       (abs)        007CED
_RCIF                       (abs)        007CF5
_RCIP                       (abs)        007CFD
_RCMT                       (abs)        007DC6
_RCON                       (abs)        000FD0
_RCONbits                   (abs)        000FD0
_RCREG                      (abs)        000FAE
_RCREG1                     (abs)        000FAE
_RCSTA                      (abs)        000FAB
_RCSTA1                     (abs)        000FAB
_RCSTA1bits                 (abs)        000FAB
_RCSTAbits                  (abs)        000FAB
_RD                         (abs)        007D30
_RD0                        (abs)        007C18
_RD1                        (abs)        007C19
_RD163                      (abs)        007D8F
_RD2                        (abs)        007C1A
_RD3                        (abs)        007C1B
_RD4                        (abs)        007C1C
_RD5                        (abs)        007C1D
_RD6                        (abs)        007C1E
_RD7                        (abs)        007C1F
_RDE                        (abs)        007C20
_RDPU                       (abs)        007C27
_RDSPP                      (abs)        007B27
_RE0                        (abs)        007C20
_RE1                        (abs)        007C21
_RE2                        (abs)        007C22
_RE3                        (abs)        007C23
_RE4                        (abs)        007C24
_RE5                        (abs)        007C25
_RE6                        (abs)        007C26
_RE7                        (abs)        007C27
_READ_WRITE                 (abs)        007E3A
_RESUME                     (abs)        007B6A
_RI                         (abs)        007E84
_RJPU                       (abs)        007C07
_RSEN                       (abs)        007E29
_RW                         (abs)        007E3A
_RX                         (abs)        007C17
_RX9                        (abs)        007D5E
_RX9D                       (abs)        007D58
_RXCKP                      (abs)        007DC5
_RXDTP                      (abs)        007DC5
_R_NOT_W                    (abs)        007E3A
_R_W                        (abs)        007E3A
_R_nW                       (abs)        007E3A
_ReadADC                    text10       0079E6
_SBOREN                     (abs)        007E86
_SCKP                       (abs)        007DC4
_SCS0                       (abs)        007E98
_SCS1                       (abs)        007E99
_SE0                        (abs)        007B6D
_SEN                        (abs)        007E28
_SENDB                      (abs)        007D63
_SENDB1                     (abs)        007D63
_SMP                        (abs)        007E3F
_SOFIE                      (abs)        007B4E
_SOFIF                      (abs)        007B46
_SOSCEN                     (abs)        007E6B
_SOSCEN3                    (abs)        007D8B
_SPBRG                      (abs)        000FAF
_SPBRG1                     (abs)        000FAF
_SPBRGH                     (abs)        000FB0
_SPEN                       (abs)        007D5F
_SPP0                       (abs)        007C18
_SPP1                       (abs)        007C19
_SPP2                       (abs)        007C1A
_SPP3                       (abs)        007C1B
_SPP4                       (abs)        007C1C
_SPP5                       (abs)        007C1D
_SPP6                       (abs)        007C1E
_SPP7                       (abs)        007C1F
_SPPBUSY                    (abs)        007B24
_SPPCFG                     (abs)        000F63
_SPPCFGbits                 (abs)        000F63
_SPPCON                     (abs)        000F65
_SPPCONbits                 (abs)        000F65
_SPPDATA                    (abs)        000F62
_SPPDATAbits                (abs)        000F62
_SPPEN                      (abs)        007B28
_SPPEPS                     (abs)        000F64
_SPPEPSbits                 (abs)        000F64
_SPPIE                      (abs)        007CEF
_SPPIF                      (abs)        007CF7
_SPPIP                      (abs)        007CFF
_SPPOWN                     (abs)        007B29
_SREN                       (abs)        007D5D
_SRENA                      (abs)        007D5D
_SS2                        (abs)        007C1F
_SSPADD                     (abs)        000FC8
_SSPBUF                     (abs)        000FC9
_SSPCON1                    (abs)        000FC6
_SSPCON1bits                (abs)        000FC6
_SSPCON2                    (abs)        000FC5
_SSPCON2bits                (abs)        000FC5
_SSPEN                      (abs)        007E35
_SSPIE                      (abs)        007CEB
_SSPIF                      (abs)        007CF3
_SSPIP                      (abs)        007CFB
_SSPM0                      (abs)        007E30
_SSPM1                      (abs)        007E31
_SSPM2                      (abs)        007E32
_SSPM3                      (abs)        007E33
_SSPOV                      (abs)        007E36
_SSPSTAT                    (abs)        000FC7
_SSPSTATbits                (abs)        000FC7
_STALLIE                    (abs)        007B4D
_STALLIF                    (abs)        007B45
_START                      (abs)        007E3B
_STATUS                     (abs)        000FD8
_STATUSbits                 (abs)        000FD8
_STKFUL                     (abs)        007FE7
_STKOVF                     (abs)        007FE7
_STKPTR                     (abs)        000FFC
_STKPTR0                    (abs)        007FE0
_STKPTR1                    (abs)        007FE1
_STKPTR2                    (abs)        007FE2
_STKPTR3                    (abs)        007FE3
_STKPTR4                    (abs)        007FE4
_STKPTRbits                 (abs)        000FFC
_STKUNF                     (abs)        007FE6
_STOP                       (abs)        007E3C
_SUSPND                     (abs)        007B69
_SWDTE                      (abs)        007E88
_SWDTEN                     (abs)        007E88
_SYNC                       (abs)        007D64
_SYNC1                      (abs)        007D64
_Sumo                       dataCOMRAM   000024
_T08BIT                     (abs)        007EAE
_T0CKI                      (abs)        007C04
_T0CON                      (abs)        000FD5
_T0CONbits                  (abs)        000FD5
_T0CS                       (abs)        007EAD
_T0IE                       (abs)        007F95
_T0IF                       (abs)        007F92
_T0IP                       (abs)        007F8A
_T0PS0                      (abs)        007EA8
_T0PS1                      (abs)        007EA9
_T0PS2                      (abs)        007EAA
_T0SE                       (abs)        007EAC
_T13CKI                     (abs)        007C10
_T1CKPS0                    (abs)        007E6C
_T1CKPS1                    (abs)        007E6D
_T1CON                      (abs)        000FCD
_T1CONbits                  (abs)        000FCD
_T1OSCEN                    (abs)        007E6B
_T1OSI                      (abs)        007C11
_T1OSO                      (abs)        007C10
_T1RD16                     (abs)        007E6F
_T1RUN                      (abs)        007E6E
_T1SYNC                     (abs)        007E6A
_T2CKPS0                    (abs)        007E50
_T2CKPS1                    (abs)        007E51
_T2CON                      (abs)        000FCA
_T2CONbits                  (abs)        000FCA
_T2OUTPS0                   (abs)        007E53
_T2OUTPS1                   (abs)        007E54
_T2OUTPS2                   (abs)        007E55
_T2OUTPS3                   (abs)        007E56
_T3CCP1                     (abs)        007D8B
_T3CCP2                     (abs)        007D8E
_T3CKPS0                    (abs)        007D8C
_T3CKPS1                    (abs)        007D8D
_T3CON                      (abs)        000FB1
_T3CONbits                  (abs)        000FB1
_T3NSYNC                    (abs)        007D8A
_T3RD16                     (abs)        007D8F
_T3SYNC                     (abs)        007D8A
_TABLAT                     (abs)        000FF5
_TBLPTR                     (abs)        000FF6
_TBLPTRH                    (abs)        000FF7
_TBLPTRL                    (abs)        000FF6
_TBLPTRU                    (abs)        000FF8
_TMR0                       (abs)        000FD6
_TMR0H                      (abs)        000FD7
_TMR0IE                     (abs)        007F95
_TMR0IF                     (abs)        007F92
_TMR0IP                     (abs)        007F8A
_TMR0L                      (abs)        000FD6
_TMR0ON                     (abs)        007EAF
_TMR1                       (abs)        000FCE
_TMR1CS                     (abs)        007E69
_TMR1H                      (abs)        000FCF
_TMR1IE                     (abs)        007CE8
_TMR1IF                     (abs)        007CF0
_TMR1IP                     (abs)        007CF8
_TMR1L                      (abs)        000FCE
_TMR1ON                     (abs)        007E68
_TMR2                       (abs)        000FCC
_TMR2IE                     (abs)        007CE9
_TMR2IF                     (abs)        007CF1
_TMR2IP                     (abs)        007CF9
_TMR2ON                     (abs)        007E52
_TMR3                       (abs)        000FB2
_TMR3CS                     (abs)        007D89
_TMR3H                      (abs)        000FB3
_TMR3IE                     (abs)        007D01
_TMR3IF                     (abs)        007D09
_TMR3IP                     (abs)        007D11
_TMR3L                      (abs)        000FB2
_TMR3ON                     (abs)        007D88
_TO                         (abs)        007E83
_TOS                        (abs)        000FFD
_TOSH                       (abs)        000FFE
_TOSL                       (abs)        000FFD
_TOSU                       (abs)        000FFF
_TOUTPS0                    (abs)        007E53
_TOUTPS1                    (abs)        007E54
_TOUTPS2                    (abs)        007E55
_TOUTPS3                    (abs)        007E56
_TRISA                      (abs)        000F92
_TRISA0                     (abs)        007C90
_TRISA1                     (abs)        007C91
_TRISA2                     (abs)        007C92
_TRISA3                     (abs)        007C93
_TRISA4                     (abs)        007C94
_TRISA5                     (abs)        007C95
_TRISA6                     (abs)        007C96
_TRISAbits                  (abs)        000F92
_TRISB                      (abs)        000F93
_TRISB0                     (abs)        007C98
_TRISB1                     (abs)        007C99
_TRISB2                     (abs)        007C9A
_TRISB3                     (abs)        007C9B
_TRISB4                     (abs)        007C9C
_TRISB5                     (abs)        007C9D
_TRISB6                     (abs)        007C9E
_TRISB7                     (abs)        007C9F
_TRISBbits                  (abs)        000F93
_TRISC                      (abs)        000F94
_TRISC0                     (abs)        007CA0
_TRISC1                     (abs)        007CA1
_TRISC2                     (abs)        007CA2
_TRISC3                     (abs)        007CA3
_TRISC6                     (abs)        007CA6
_TRISC7                     (abs)        007CA7
_TRISCbits                  (abs)        000F94
_TRISD                      (abs)        000F95
_TRISD0                     (abs)        007CA8
_TRISD1                     (abs)        007CA9
_TRISD2                     (abs)        007CAA
_TRISD3                     (abs)        007CAB
_TRISD4                     (abs)        007CAC
_TRISD5                     (abs)        007CAD
_TRISD6                     (abs)        007CAE
_TRISD7                     (abs)        007CAF
_TRISDbits                  (abs)        000F95
_TRISE                      (abs)        000F96
_TRISE0                     (abs)        007CB0
_TRISE1                     (abs)        007CB1
_TRISE2                     (abs)        007CB2
_TRISEbits                  (abs)        000F96
_TRMT                       (abs)        007D61
_TRMT1                      (abs)        007D61
_TRNIE                      (abs)        007B4B
_TRNIF                      (abs)        007B43
_TUN0                       (abs)        007CD8
_TUN1                       (abs)        007CD9
_TUN2                       (abs)        007CDA
_TUN3                       (abs)        007CDB
_TUN4                       (abs)        007CDC
_TX                         (abs)        007C16
_TX1IE                      (abs)        007CEC
_TX1IF                      (abs)        007CF4
_TX1IP                      (abs)        007CFC
_TX9                        (abs)        007D66
_TX91                       (abs)        007D66
_TX9D                       (abs)        007D60
_TX9D1                      (abs)        007D60
_TXCKP                      (abs)        007DC4
_TXEN                       (abs)        007D65
_TXEN1                      (abs)        007D65
_TXIE                       (abs)        007CEC
_TXIF                       (abs)        007CF4
_TXIP                       (abs)        007CFC
_TXREG                      (abs)        000FAD
_TXREG1                     (abs)        000FAD
_TXSTA                      (abs)        000FAC
_TXSTA1                     (abs)        000FAC
_TXSTA1bits                 (abs)        000FAC
_TXSTAbits                  (abs)        000FAC
_UA                         (abs)        007E39
_UADDR                      (abs)        000F6E
_UADDRbits                  (abs)        000F6E
_UCFG                       (abs)        000F6F
_UCFGbits                   (abs)        000F6F
_UCON                       (abs)        000F6D
_UCONbits                   (abs)        000F6D
_UEIE                       (abs)        000F6B
_UEIEbits                   (abs)        000F6B
_UEIR                       (abs)        000F6A
_UEIRbits                   (abs)        000F6A
_UEP0                       (abs)        000F70
_UEP0bits                   (abs)        000F70
_UEP1                       (abs)        000F71
_UEP10                      (abs)        000F7A
_UEP10bits                  (abs)        000F7A
_UEP11                      (abs)        000F7B
_UEP11bits                  (abs)        000F7B
_UEP12                      (abs)        000F7C
_UEP12bits                  (abs)        000F7C
_UEP13                      (abs)        000F7D
_UEP13bits                  (abs)        000F7D
_UEP14                      (abs)        000F7E
_UEP14bits                  (abs)        000F7E
_UEP15                      (abs)        000F7F
_UEP15bits                  (abs)        000F7F
_UEP1bits                   (abs)        000F71
_UEP2                       (abs)        000F72
_UEP2bits                   (abs)        000F72
_UEP3                       (abs)        000F73
_UEP3bits                   (abs)        000F73
_UEP4                       (abs)        000F74
_UEP4bits                   (abs)        000F74
_UEP5                       (abs)        000F75
_UEP5bits                   (abs)        000F75
_UEP6                       (abs)        000F76
_UEP6bits                   (abs)        000F76
_UEP7                       (abs)        000F77
_UEP7bits                   (abs)        000F77
_UEP8                       (abs)        000F78
_UEP8bits                   (abs)        000F78
_UEP9                       (abs)        000F79
_UEP9bits                   (abs)        000F79
_UERRIE                     (abs)        007B49
_UERRIF                     (abs)        007B41
_UFRM                       (abs)        000F66
_UFRMH                      (abs)        000F67
_UFRMHbits                  (abs)        000F67
_UFRML                      (abs)        000F66
_UFRMLbits                  (abs)        000F66
_UIE                        (abs)        000F69
_UIEbits                    (abs)        000F69
_UIR                        (abs)        000F68
_UIRbits                    (abs)        000F68
_ULPWUIN                    (abs)        007C00
_UOEMON                     (abs)        007B7E
_UPP0                       (abs)        007B78
_UPP1                       (abs)        007B79
_UPUEN                      (abs)        007B7C
_URSTIE                     (abs)        007B48
_URSTIF                     (abs)        007B40
_USART_Status               bssCOMRAM    00002C
_USBEN                      (abs)        007B6B
_USBIE                      (abs)        007D05
_USBIF                      (abs)        007D0D
_USBIP                      (abs)        007D15
_USTAT                      (abs)        000F6C
_USTATbits                  (abs)        000F6C
_UTEYE                      (abs)        007B7F
_UTRDIS                     (abs)        007B7B
_VCFG0                      (abs)        007E0C
_VCFG01                     (abs)        007E0C
_VCFG1                      (abs)        007E0D
_VCFG11                     (abs)        007E0D
_VDIRMAG                    (abs)        007E97
_VREFM                      (abs)        007C02
_VREFP                      (abs)        007C03
_W4E                        (abs)        007DC1
_WCOL                       (abs)        007E37
_WDTCON                     (abs)        000FD1
_WDTCONbits                 (abs)        000FD1
_WR                         (abs)        007D31
_WRE                        (abs)        007C21
_WREG                       (abs)        000FE8
_WREN                       (abs)        007D32
_WRERR                      (abs)        007D33
_WRSPP                      (abs)        007B26
_WS0                        (abs)        007B18
_WS1                        (abs)        007B19
_WS2                        (abs)        007B1A
_WS3                        (abs)        007B1B
_WUE                        (abs)        007DC1
_ZERO                       (abs)        007EC2
__CFG_BOR$OFF               (abs)        000000
__CFG_BORV$0                (abs)        000000
__CFG_CCP2MX$OFF            (abs)        000000
__CFG_CP0$OFF               (abs)        000000
__CFG_CP1$OFF               (abs)        000000
__CFG_CP2$OFF               (abs)        000000
__CFG_CP3$OFF               (abs)        000000
__CFG_CPB$OFF               (abs)        000000
__CFG_CPD$OFF               (abs)        000000
__CFG_CPUDIV$OSC1_PLL2      (abs)        000000
__CFG_DEBUG$OFF             (abs)        000000
__CFG_EBTR0$OFF             (abs)        000000
__CFG_EBTR1$OFF             (abs)        000000
__CFG_EBTR2$OFF             (abs)        000000
__CFG_EBTR3$OFF             (abs)        000000
__CFG_EBTRB$OFF             (abs)        000000
__CFG_FCMEN$OFF             (abs)        000000
__CFG_FOSC$HS               (abs)        000000
__CFG_ICPRT$OFF             (abs)        000000
__CFG_IESO$OFF              (abs)        000000
__CFG_LPT1OSC$OFF           (abs)        000000
__CFG_LVP$OFF               (abs)        000000
__CFG_MCLRE$ON              (abs)        000000
__CFG_PBADEN$OFF            (abs)        000000
__CFG_PLLDIV$1              (abs)        000000
__CFG_PWRT$OFF              (abs)        000000
__CFG_STVREN$ON             (abs)        000000
__CFG_USBDIV$1              (abs)        000000
__CFG_VREGEN$OFF            (abs)        000000
__CFG_WDT$OFF               (abs)        000000
__CFG_WDTPS$32768           (abs)        000000
__CFG_WRT0$OFF              (abs)        000000
__CFG_WRT1$OFF              (abs)        000000
__CFG_WRT2$OFF              (abs)        000000
__CFG_WRT3$OFF              (abs)        000000
__CFG_WRTB$OFF              (abs)        000000
__CFG_WRTC$OFF              (abs)        000000
__CFG_WRTD$OFF              (abs)        000000
__CFG_XINST$OFF             (abs)        000000
__HRAM                      (abs)        000000
__Habs1                     abs1         000000
__Hbank0                    bank0        000000
__Hbank1                    bank1        000000
__Hbank2                    bank2        000000
__Hbank3                    bank3        000000
__Hbank4                    bank4        000000
__Hbank5                    bank5        000000
__Hbank6                    bank6        000000
__Hbank7                    bank7        000000
__Hbigbss                   bigbss       000000
__Hbigdata                  bigdata      000000
__Hbigram                   bigram       000000
__Hbss                      bss          000000
__HbssCOMRAM                bssCOMRAM    000000
__Hcinit                    cinit        000000
__Hclrtext                  clrtext      000000
__Hcomram                   comram       000000
__Hconfig                   config       30000E
__Hconst                    const        000000
__HcstackCOMRAM             cstackCOMRAM 000000
__Hdata                     data         000000
__HdataCOMRAM               dataCOMRAM   000000
__Heeprom_data              eeprom_data  000000
__Hend_init                 end_init     000004
__Hfarbss                   farbss       000000
__Hfardata                  fardata      000000
__Hibigdata                 ibigdata     000000
__Hidata                    idata        000000
__HidataCOMRAM              idataCOMRAM  000000
__Hidloc                    idloc        200008
__Hifardata                 ifardata     000000
__Hinit                     init         000000
__Hintcode                  intcode      000000
__Hintcode_body             intcode_body 000000
__Hintcodelo                intcodelo    000000
__Hintentry                 intentry     000000
__Hintret                   intret       000000
__Hintsave_regs             intsave_regs 000000
__Hirdata                   irdata       000000
__Hmediumconst              mediumconst  000000
__Hnvbit                    nvbit        000000
__Hnvrram                   nvrram       000000
__Hparam                    rparam       000000
__Hpowerup                  powerup      000000
__Hram                      ram          000000
__Hramtop                   ramtop       000800
__Hrbit                     rbit         000000
__Hrbss                     rbss         000000
__Hrdata                    rdata        000000
__Hreset_vec                reset_vec    000000
__Hrparam                   rparam       000000
__Hsfr                      sfr          000000
__Hsmallconst               smallconst   000000
__Hstruct                   struct       000000
__Htemp                     temp         000000
__Htext                     text         000000
__Htext0                    text0        000000
__Htext1                    text1        000000
__Htext10                   text10       000000
__Htext11                   text11       000000
__Htext2                    text2        000000
__Htext3                    text3        000000
__Htext4                    text4        000000
__Htext5                    text5        000000
__Htext6                    text6        000000
__Htext7                    text7        000000
__Htext8                    text8        000000
__Htext9                    text9        000000
__LRAM                      (abs)        000001
__Labs1                     abs1         000000
__Lbank0                    bank0        000000
__Lbank1                    bank1        000000
__Lbank2                    bank2        000000
__Lbank3                    bank3        000000
__Lbank4                    bank4        000000
__Lbank5                    bank5        000000
__Lbank6                    bank6        000000
__Lbank7                    bank7        000000
__Lbigbss                   bigbss       000000
__Lbigdata                  bigdata      000000
__Lbigram                   bigram       000000
__Lbss                      bss          000000
__LbssCOMRAM                bssCOMRAM    000000
__Lcinit                    cinit        000000
__Lclrtext                  clrtext      000000
__Lcomram                   comram       000000
__Lconfig                   config       300000
__Lconst                    const        000000
__LcstackCOMRAM             cstackCOMRAM 000000
__Ldata                     data         000000
__LdataCOMRAM               dataCOMRAM   000000
__Leeprom_data              eeprom_data  000000
__Lend_init                 end_init     000000
__Lfarbss                   farbss       000000
__Lfardata                  fardata      000000
__Libigdata                 ibigdata     000000
__Lidata                    idata        000000
__LidataCOMRAM              idataCOMRAM  000000
__Lidloc                    idloc        200000
__Lifardata                 ifardata     000000
__Linit                     init         000000
__Lintcode                  intcode      000000
__Lintcode_body             intcode_body 000000
__Lintcodelo                intcodelo    000000
__Lintentry                 intentry     000000
__Lintret                   intret       000000
__Lintsave_regs             intsave_regs 000000
__Lirdata                   irdata       000000
__Lmediumconst              mediumconst  000000
__Lnvbit                    nvbit        000000
__Lnvrram                   nvrram       000000
__Lparam                    rparam       000000
__Lpowerup                  powerup      000000
__Lram                      ram          000000
__Lramtop                   ramtop       000800
__Lrbit                     rbit         000000
__Lrbss                     rbss         000000
__Lrdata                    rdata        000000
__Lreset_vec                reset_vec    000000
__Lrparam                   rparam       000000
__Lsfr                      sfr          000000
__Lsmallconst               smallconst   000000
__Lstruct                   struct       000000
__Ltemp                     temp         000000
__Ltext                     text         000000
__Ltext0                    text0        000000
__Ltext1                    text1        000000
__Ltext10                   text10       000000
__Ltext11                   text11       000000
__Ltext2                    text2        000000
__Ltext3                    text3        000000
__Ltext4                    text4        000000
__Ltext5                    text5        000000
__Ltext6                    text6        000000
__Ltext7                    text7        000000
__Ltext8                    text8        000000
__Ltext9                    text9        000000
__S0                        (abs)        30000E
__S1                        (abs)        00002D
__accesstop                 (abs)        000060
__activetblptr              (abs)        000000
__end_of_BusyADC            text9        0079E6
__end_of_Delay10KTCYx       text5        007A28
__end_of_Delay10TCYx        text8        007A10
__end_of_OpenADC            text6        007B94
__end_of_ReadADC            text10       0079F2
__end_of_get_sensors        text3        008000
__end_of_init_sumo          text1        007AA0
__end_of_main               text0        007DF2
__end_of_read_a2d           text7        007B34
__end_of_sumo_move          text4        007BF8
__end_of_wait_5s            text2        007AE8
__mediumconst               mediumconst  000000
__pbssCOMRAM                bssCOMRAM    000025
__pcinit                    cinit        007A28
__pcstackCOMRAM             cstackCOMRAM 000001
__pdataCOMRAM               dataCOMRAM   000018
__pidataCOMRAM              idataCOMRAM  0079F3
__ptext0                    text0        007BF8
__ptext1                    text1        007A5A
__ptext10                   text10       0079E6
__ptext11                   text11       000000
__ptext2                    text2        007AA0
__ptext3                    text3        007DF2
__ptext4                    text4        007B94
__ptext5                    text5        007A10
__ptext6                    text6        007B34
__ptext7                    text7        007AE8
__ptext8                    text8        007A00
__ptext9                    text9        0079DE
__ramtop                    ramtop       000800
__size_of_BusyADC           (abs)        000000
__size_of_Delay10KTCYx      (abs)        000000
__size_of_Delay10TCYx       (abs)        000000
__size_of_OpenADC           (abs)        000000
__size_of_ReadADC           (abs)        000000
__size_of_get_sensors       (abs)        000000
__size_of_init_sumo         (abs)        000000
__size_of_main              (abs)        000000
__size_of_read_a2d          (abs)        000000
__size_of_sumo_move         (abs)        000000
__size_of_wait_5s           (abs)        000000
__smallconst                smallconst   000000
_errno                      bssCOMRAM    000025
_get_sensors                text3        007DF2
_init_sumo                  text1        007A5A
_mAttackThreshold           dataCOMRAM   000018
_mEdgeBackLeftThreshold     dataCOMRAM   00001A
_mEdgeBackRightThreshold    dataCOMRAM   00001C
_mEdgeFrontLeftThreshold    dataCOMRAM   00001E
_mEdgeFrontRightThreshold   dataCOMRAM   000020
_mTargetThreshold           dataCOMRAM   000022
_main                       text0        007BF8
_nA                         (abs)        007E3D
_nADDRESS                   (abs)        007E3D
_nBOR                       (abs)        007E80
_nDONE                      (abs)        007E11
_nIPEN                      (abs)        007E87
_nPD                        (abs)        007E82
_nPOR                       (abs)        007E81
_nRBPU                      (abs)        007F8F
_nRI                        (abs)        007E84
_nT1SYNC                    (abs)        007E6A
_nT3SYNC                    (abs)        007D8A
_nTO                        (abs)        007E83
_nW                         (abs)        007E3A
_nWRITE                     (abs)        007E3A
_rangeAverage               bssCOMRAM    000027
_rangeDifference            bssCOMRAM    000029
_read_a2d                   text7        007AE8
_sumo_move                  text4        007B94
_wait_5s                    text2        007AA0
end_of_initialization       cinit        007A54
get_sensors@i               cstackCOMRAM 000016
get_sensors@mBackLeftLine   cstackCOMRAM 00000E
get_sensors@mBackRightLine  cstackCOMRAM 000010
get_sensors@mCenterRange    cstackCOMRAM 000008
get_sensors@mFrontLeftLine  cstackCOMRAM 00000A
get_sensors@mFrontRightLine cstackCOMRAM 00000C
get_sensors@mLeftRange      cstackCOMRAM 000012
get_sensors@mRightRange     cstackCOMRAM 000014
intlevel0                   text         000000
intlevel1                   text         000000
intlevel2                   text         000000
intlevel3                   text         000000
read_a2d@channel            cstackCOMRAM 000003
start                       init         000000
start_initialization        cinit        007A28
sumo_move@direction         cstackCOMRAM 000001
wait_5s@t                   cstackCOMRAM 000004
